[www.codepedant.com/joomla/bemax/bemax-demo/homepage/particles.html]
[backblue.gif]
[fade.gif]
[index.html]
[www.codepedant.com/joomla/bemax/bemax-demo/homepage/particlesc0d0]
[www.codepedant.com/joomla/bemax/bemax-demo/homepage/particles7b17]
[cdnjs.cloudflare.com/ajax/libs/simple-line-icons/2.4.1/css/simple-line-icons.min.css]
[www.codepedant.com/joomla/bemax/bemax-demo/media/jui/js/jquery.mina2d7.js]
[www.codepedant.com/joomla/bemax/bemax-demo/media/jui/js/jquery-noconflicta2d7.js]
[www.codepedant.com/joomla/bemax/bemax-demo/media/jui/js/jquery-migrate.mina2d7.js]
[www.codepedant.com/joomla/bemax/bemax-demo/media/k2/assets/js/k2.frontenda013.js]
[www.codepedant.com/joomla/bemax/bemax-demo/media/system/js/captiona2d7.js]
[www.codepedant.com/joomla/bemax/bemax-demo/components/com_spsimpleportfolio/assets/js/jquery.shuffle.modernizr.min.js]
[www.codepedant.com/joomla/bemax/bemax-demo/components/com_spsimpleportfolio/assets/js/featherlight.min.js]
[www.codepedant.com/joomla/bemax/bemax-demo/components/com_spsimpleportfolio/assets/js/spsimpleportfolio.js]
[www.codepedant.com/joomla/bemax/bemax-demo/images/logo-light.png]
[www.codepedant.com/joomla/bemax/bemax-demo/images/logo-dark.png]
[www.codepedant.com/joomla/bemax/bemax-demo/homepage/creative.html]
[www.codepedant.com/joomla/bemax/bemax-demo/homepage/bg-video.html]
[www.codepedant.com/joomla/bemax/bemax-demo/homepage/slider.html]
[www.codepedant.com/joomla/bemax/bemax-demo/homepage/slider-text.html]
[www.codepedant.com/joomla/bemax/bemax-demo/images/bg2.jpg]
[www.codepedant.com/joomla/bemax/bemax-demo/images/1.jpg]
[www.codepedant.com/joomla/bemax/bemax-demo/images/portfolio/1.jpg]
[www.codepedant.com/joomla/bemax/bemax-demo/images/portfolio/4.jpg]
[www.codepedant.com/joomla/bemax/bemax-demo/images/portfolio/3.jpg]
[www.codepedant.com/joomla/bemax/bemax-demo/images/portfolio/5.jpg]
[www.codepedant.com/joomla/bemax/bemax-demo/images/portfolio/7.jpg]
[www.codepedant.com/joomla/bemax/bemax-demo/images/2.jpg]
[www.codepedant.com/joomla/bemax/bemax-demo/images/4.jpg]
[www.codepedant.com/joomla/bemax/bemax-demo/images/team/1.jpg]
[www.codepedant.com/joomla/bemax/bemax-demo/images/team/2.jpg]
[www.codepedant.com/joomla/bemax/bemax-demo/images/team/3.jpg]
[www.codepedant.com/joomla/bemax/bemax-demo/images/team/4.jpg]
[www.codepedant.com/joomla/bemax/bemax-demo/images/3.jpg]
[www.codepedant.com/joomla/bemax/bemax-demo/media/k2/items/cache/2fa67f482133f1c934235b73c2a03954_XL.jpg]
[www.codepedant.com/joomla/bemax/bemax-demo/media/k2/items/cache/e0a70f72bdae9885bfc32d7cd19a26a1_XL.jpg]
[www.codepedant.com/joomla/bemax/bemax-demo/media/k2/items/cache/94d43e327d9303539cb1e2aac7032668_XL.jpg]
[www.codepedant.com/joomla/bemax/bemax-demo/images/clients-logo/1.png]
[www.codepedant.com/joomla/bemax/bemax-demo/images/clients-logo/2.png]
[www.codepedant.com/joomla/bemax/bemax-demo/images/clients-logo/3.png]
[www.codepedant.com/joomla/bemax/bemax-demo/images/clients-logo/4.png]
[www.codepedant.com/joomla/bemax/bemax-demo/images/clients-logo/7.png]
[www.codepedant.com/joomla/bemax/bemax-demo/images/clients-logo/8.png]
[www.codepedant.com/joomla/bemax/bemax-demo/templates/bemax/js/jquery-3.0.0.min.js]
[www.codepedant.com/joomla/bemax/bemax-demo/templates/bemax/js/jquery-migrate-3.0.0.min.js]
[www.codepedant.com/joomla/bemax/bemax-demo/templates/bemax/js/popper.min.js]
[www.codepedant.com/joomla/bemax/bemax-demo/templates/bemax/js/bootstrap.min.js]
[www.codepedant.com/joomla/bemax/bemax-demo/templates/bemax/js/scrollIt.min.js]
[www.codepedant.com/joomla/bemax/bemax-demo/templates/bemax/js/animated.headline.js]
[www.codepedant.com/joomla/bemax/bemax-demo/templates/bemax/js/jquery.waypoints.min.js]
[www.codepedant.com/joomla/bemax/bemax-demo/templates/bemax/js/jquery.counterup.min.js]
[www.codepedant.com/joomla/bemax/bemax-demo/templates/bemax/js/owl.carousel.min.js]
[www.codepedant.com/joomla/bemax/bemax-demo/templates/bemax/js/jquery.magnific-popup.min.js]
[www.codepedant.com/joomla/bemax/bemax-demo/templates/bemax/js/jquery.stellar.min.js]
[www.codepedant.com/joomla/bemax/bemax-demo/templates/bemax/js/isotope.pkgd.min.js]
[www.codepedant.com/joomla/bemax/bemax-demo/templates/bemax/js/YouTubePopUp.jquery.js]
[www.codepedant.com/joomla/bemax/bemax-demo/templates/bemax/js/particles.min.js]
[www.codepedant.com/joomla/bemax/bemax-demo/templates/bemax/js/app.js]
[www.codepedant.com/joomla/bemax/bemax-demo/templates/bemax/js/validator.js]
[www.codepedant.com/joomla/bemax/bemax-demo/templates/bemax/js/scripts.js]
[www.codepedant.com/joomla/bemax/bemax-demo/homepage/particles.html]
[cdnjs.cloudflare.com/ajax/libs/simple-line-icons/2.4.1/css/simple-line-icons.min.css]
[www.codepedant.com/joomla/bemax/bemax-demo/components/com_k2/images/loaders/generic.gif]
[www.codepedant.com/joomla/bemax/bemax-demo/components/com_k2/images/ratingstars.gif]
[www.codepedant.com/joomla/bemax/bemax-demo/components/com_k2/images/videobg.gif]
[www.codepedant.com/joomla/bemax/bemax-demo/components/com_k2/images/loaders/search.gif]
[www.codepedant.com/joomla/bemax/bemax-demo/components/com_k2/images/loaders/calendar.gif]
[www.codepedant.com/joomla/bemax/bemax-demo/components/com_k2/css/k24c4d.css]
[www.codepedant.com/joomla/bemax/bemax-demo/components/com_spsimpleportfolio/assets/css/featherlight.min.css]
[www.codepedant.com/joomla/bemax/bemax-demo/components/com_spsimpleportfolio/assets/img/icon-play.png]
[www.codepedant.com/joomla/bemax/bemax-demo/components/com_spsimpleportfolio/assets/css/spsimpleportfolio.css]
[www.codepedant.com/joomla/bemax/bemax-demo/modules/mod_super_simple_contact_form/assets/css/contact-form-style.css]
[www.codepedant.com/joomla/bemax/bemax-demo/templates/bemax/css/plugins.css]
[www.codepedant.com/joomla/bemax/bemax-demo/templates/bemax/css/style.css]
[www.codepedant.com/joomla/bemax/bemax-demo/templates/bemax/css/custom.css]
[www.codepedant.com/joomla/bemax/bemax-demo/homepage/creativec0d0]
[www.codepedant.com/joomla/bemax/bemax-demo/homepage/creative7b17]
[www.codepedant.com/joomla/bemax/bemax-demo/images/bg1.jpg]
[www.codepedant.com/joomla/bemax/bemax-demo/homepage/creative.html]
[www.codepedant.com/joomla/bemax/bemax-demo/homepage/bg-videoc0d0]
[www.codepedant.com/joomla/bemax/bemax-demo/homepage/bg-video7b17]
[www.codepedant.com/joomla/bemax/bemax-demo/homepage/bg-video.html]
[www.codepedant.com/joomla/bemax/bemax-demo/homepage/sliderc0d0]
[www.codepedant.com/joomla/bemax/bemax-demo/homepage/slider7b17]
[www.codepedant.com/joomla/bemax/bemax-demo/images/bg3.jpg]
[www.codepedant.com/joomla/bemax/bemax-demo/homepage/slider.html]
[www.codepedant.com/joomla/bemax/bemax-demo/homepage/slider-textc0d0]
[www.codepedant.com/joomla/bemax/bemax-demo/homepage/slider-text7b17]
[www.codepedant.com/joomla/bemax/bemax-demo/homepage/slider-text.html]
[www.codepedant.com/joomla/bemax/bemax-demo/templates/bemax/css/plugins/bootstrap.min.css]
[www.codepedant.com/joomla/bemax/bemax-demo/templates/bemax/css/plugins/animate.min.css]
[www.codepedant.com/joomla/bemax/bemax-demo/templates/bemax/css/plugins/et-line.css]
[www.codepedant.com/joomla/bemax/bemax-demo/templates/bemax/css/plugins/icofont.css]
[www.codepedant.com/joomla/bemax/bemax-demo/templates/bemax/css/plugins/fontawesome-all.min.css]
[www.codepedant.com/joomla/bemax/bemax-demo/templates/bemax/css/images/close.png]
[www.codepedant.com/joomla/bemax/bemax-demo/templates/bemax/css/plugins/YouTubePopUp.css]
[www.codepedant.com/joomla/bemax/bemax-demo/templates/bemax/css/plugins/magnific-popup.css]
[www.codepedant.com/joomla/bemax/bemax-demo/templates/bemax/css/plugins/owl.video.play.png]
[www.codepedant.com/joomla/bemax/bemax-demo/templates/bemax/css/plugins/owl.carousel.min.css]
[www.codepedant.com/joomla/bemax/bemax-demo/templates/bemax/css/plugins/owl.theme.default.min.css]
[www.codepedant.com/joomla/bemax/bemax-demo/templates/bemax/css/plugins/helper.css]
[www.codepedant.com/joomla/bemax/bemax-demo/templates/bemax/css/images/close.html]
[www.codepedant.com/joomla/bemax/bemax-demo/templates/bemax/css/plugins/owl.video.play.html]
